Group,Title,Username,Password,URL,Notes
Primary,Example Website Title,mdzhang@example.com,password1234,example.com,"Urls:
- ex.com
"
